------------------------------------------------------------
TimeQuest Timing Analyzer Summary
------------------------------------------------------------

Type  : Slow 1100mV 85C Model Setup 'Clk'
Slack : -2.975
TNS   : -91.998

Type  : Slow 1100mV 85C Model Hold 'Clk'
Slack : 0.550
TNS   : 0.000

Type  : Slow 1100mV 85C Model Minimum Pulse Width 'Clk'
Slack : -0.538
TNS   : -25.414

Type  : Slow 1100mV 0C Model Setup 'Clk'
Slack : -2.996
TNS   : -92.978

Type  : Slow 1100mV 0C Model Hold 'Clk'
Slack : 0.600
TNS   : 0.000

Type  : Slow 1100mV 0C Model Minimum Pulse Width 'Clk'
Slack : -0.538
TNS   : -28.110

Type  : Fast 1100mV 85C Model Setup 'Clk'
Slack : -0.931
TNS   : -27.219

Type  : Fast 1100mV 85C Model Hold 'Clk'
Slack : 0.219
TNS   : 0.000

Type  : Fast 1100mV 85C Model Minimum Pulse Width 'Clk'
Slack : -0.084
TNS   : -2.684

Type  : Fast 1100mV 0C Model Setup 'Clk'
Slack : -0.778
TNS   : -22.627

Type  : Fast 1100mV 0C Model Hold 'Clk'
Slack : 0.212
TNS   : 0.000

Type  : Fast 1100mV 0C Model Minimum Pulse Width 'Clk'
Slack : -0.085
TNS   : -2.753

------------------------------------------------------------
