--------------------------------------------------------------------------------------
Timing Analyzer Summary
--------------------------------------------------------------------------------------

Type           : Worst-case tsu
Slack          : N/A
Required Time  : None
Actual Time    : 0.292 ns
From           : Clk_1hz
To             : temp2[7]
From Clock     : --
To Clock       : in_freq
Failed Paths   : 0

Type           : Worst-case tco
Slack          : N/A
Required Time  : None
Actual Time    : 7.881 ns
From           : temp1[0]
To             : Output[0]
From Clock     : Clk_1hz
To Clock       : --
Failed Paths   : 0

Type           : Worst-case th
Slack          : N/A
Required Time  : None
Actual Time    : -0.047 ns
From           : Clk_1hz
To             : temp[7]
From Clock     : --
To Clock       : in_freq
Failed Paths   : 0

Type           : Clock Setup: 'in_freq'
Slack          : N/A
Required Time  : None
Actual Time    : Restricted to 420.17 MHz ( period = 2.380 ns )
From           : temp[0]
To             : temp[7]
From Clock     : in_freq
To Clock       : in_freq
Failed Paths   : 0

Type           : Total number of failed paths
Slack          : 
Required Time  : 
Actual Time    : 
From           : 
To             : 
From Clock     : 
To Clock       : 
Failed Paths   : 0

--------------------------------------------------------------------------------------

