Archive member included because of file (symbol)

../test_sopc_bsp/\libhal_bsp.a(alt_load.o)
                              ../test_sopc_bsp//obj/HAL/src/crt0.o (alt_load)
../test_sopc_bsp/\libhal_bsp.a(alt_main.o)
                              ../test_sopc_bsp//obj/HAL/src/crt0.o (alt_main)
../test_sopc_bsp/\libhal_bsp.a(alt_putstr.o)
                              obj/default/hello_world_small.o (alt_putstr)
../test_sopc_bsp/\libhal_bsp.a(alt_usleep.o)
                              obj/default/hello_world_small.o (usleep)
../test_sopc_bsp/\libhal_bsp.a(alt_sys_init.o)
                              ../test_sopc_bsp/\libhal_bsp.a(alt_main.o) (alt_sys_init)
../test_sopc_bsp/\libhal_bsp.a(altera_avalon_jtag_uart_write.o)
                              ../test_sopc_bsp/\libhal_bsp.a(alt_putstr.o) (altera_avalon_jtag_uart_write)
../test_sopc_bsp/\libhal_bsp.a(alt_busy_sleep.o)
                              ../test_sopc_bsp/\libhal_bsp.a(alt_usleep.o) (alt_busy_sleep)
../test_sopc_bsp/\libhal_bsp.a(alt_dcache_flush_all.o)
                              ../test_sopc_bsp/\libhal_bsp.a(alt_load.o) (alt_dcache_flush_all)
../test_sopc_bsp/\libhal_bsp.a(alt_icache_flush_all.o)
                              ../test_sopc_bsp/\libhal_bsp.a(alt_load.o) (alt_icache_flush_all)
../test_sopc_bsp/\libhal_bsp.a(altera_nios2_irq.o)
                              ../test_sopc_bsp/\libhal_bsp.a(alt_sys_init.o) (altera_nios2_irq_init)
c:/altera/11.1sp2/nios2eds/bin/gnu/h-i686-mingw32/bin/../lib/gcc/nios2-elf/4.1.2/../../../../nios2-elf/lib/mno-hw-mul\libsmallc.a(lib_a-strlen.o)
                              ../test_sopc_bsp/\libhal_bsp.a(alt_putstr.o) (strlen)
c:/altera/11.1sp2/nios2eds/bin/gnu/h-i686-mingw32/bin/../lib/gcc/nios2-elf/4.1.2/mno-hw-mul\libgcc.a(lib2-divmod.o)
                              ../test_sopc_bsp/\libhal_bsp.a(alt_busy_sleep.o) (__udivsi3)
c:/altera/11.1sp2/nios2eds/bin/gnu/h-i686-mingw32/bin/../lib/gcc/nios2-elf/4.1.2/mno-hw-mul\libgcc.a(lib2-mul.o)
                              ../test_sopc_bsp/\libhal_bsp.a(alt_busy_sleep.o) (__mulsi3)

Allocating common symbols
Common symbol       size              file

a                   0x1               obj/default/hello_world_small.o

Memory Configuration

Name             Origin             Length             Attributes
reset            0x00008000         0x00000020
onchip_memory2_0 0x00008020         0x00004e00
*default*        0x00000000         0xffffffff

Linker script and memory map

LOAD ../test_sopc_bsp//obj/HAL/src/crt0.o
                0x0000800c                exit = _exit
LOAD obj/default/hello_world_small.o
LOAD c:/altera/11.1sp2/nios2eds/bin/gnu/h-i686-mingw32/bin/../lib/gcc/nios2-elf/4.1.2/../../../../nios2-elf/lib/mno-hw-mul\libstdc++.a
LOAD c:/altera/11.1sp2/nios2eds/bin/gnu/h-i686-mingw32/bin/../lib/gcc/nios2-elf/4.1.2/../../../../nios2-elf/lib/mno-hw-mul\libm.a
LOAD c:/altera/11.1sp2/nios2eds/bin/gnu/h-i686-mingw32/bin/../lib/gcc/nios2-elf/4.1.2/mno-hw-mul\libgcc.a
START GROUP
LOAD c:/altera/11.1sp2/nios2eds/bin/gnu/h-i686-mingw32/bin/../lib/gcc/nios2-elf/4.1.2/../../../../nios2-elf/lib/mno-hw-mul\libsmallc.a
LOAD c:/altera/11.1sp2/nios2eds/bin/gnu/h-i686-mingw32/bin/../lib/gcc/nios2-elf/4.1.2/mno-hw-mul\libgcc.a
LOAD ../test_sopc_bsp/\libhal_bsp.a
END GROUP
LOAD c:/altera/11.1sp2/nios2eds/bin/gnu/h-i686-mingw32/bin/../lib/gcc/nios2-elf/4.1.2/mno-hw-mul\libgcc.a
                0x00008000                __alt_mem_onchip_memory2_0 = 0x8000

.entry          0x00008000       0x20
 *(.entry)
 .entry         0x00008000       0x20 ../test_sopc_bsp//obj/HAL/src/crt0.o
                0x00008000                __reset
                0x0000800c                _exit

.exceptions     0x00008020        0x0
                0x00008020                PROVIDE (__ram_exceptions_start, ABSOLUTE (.))
                0x00008020                . = ALIGN (0x20)
 *(.irq)
 *(.exceptions.entry.label)
 *(.exceptions.entry.user)
 *(.exceptions.entry)
 *(.exceptions.irqtest.user)
 *(.exceptions.irqtest)
 *(.exceptions.irqhandler.user)
 *(.exceptions.irqhandler)
 *(.exceptions.irqreturn.user)
 *(.exceptions.irqreturn)
 *(.exceptions.notirq.label)
 *(.exceptions.notirq.user)
 *(.exceptions.notirq)
 *(.exceptions.soft.user)
 *(.exceptions.soft)
 *(.exceptions.unknown.user)
 *(.exceptions.unknown)
 *(.exceptions.exit.label)
 *(.exceptions.exit.user)
 *(.exceptions.exit)
 *(.exceptions)
                0x00008020                PROVIDE (__ram_exceptions_end, ABSOLUTE (.))
                0x00008020                PROVIDE (__flash_exceptions_start, LOADADDR (.exceptions))

.text           0x00008020      0x458
                0x00008020                PROVIDE (stext, ABSOLUTE (.))
 *(.interp)
 *(.hash)
 *(.dynsym)
 *(.dynstr)
 *(.gnu.version)
 *(.gnu.version_d)
 *(.gnu.version_r)
 *(.rel.init)
 *(.rela.init)
 *(.rel.text .rel.text.* .rel.gnu.linkonce.t.*)
 *(.rela.text .rela.text.* .rela.gnu.linkonce.t.*)
 *(.rel.fini)
 *(.rela.fini)
 *(.rel.rodata .rel.rodata.* .rel.gnu.linkonce.r.*)
 *(.rela.rodata .rela.rodata.* .rela.gnu.linkonce.r.*)
 *(.rel.data .rel.data.* .rel.gnu.linkonce.d.*)
 *(.rela.data .rela.data.* .rela.gnu.linkonce.d.*)
 *(.rel.tdata .rel.tdata.* .rel.gnu.linkonce.td.*)
 *(.rela.tdata .rela.tdata.* .rela.gnu.linkonce.td.*)
 *(.rel.tbss .rel.tbss.* .rel.gnu.linkonce.tb.*)
 *(.rela.tbss .rela.tbss.* .rela.gnu.linkonce.tb.*)
 *(.rel.ctors)
 *(.rela.ctors)
 *(.rel.dtors)
 *(.rela.dtors)
 *(.rel.got)
 *(.rela.got)
 *(.rel.sdata .rel.sdata.* .rel.gnu.linkonce.s.*)
 *(.rela.sdata .rela.sdata.* .rela.gnu.linkonce.s.*)
 *(.rel.sbss .rel.sbss.* .rel.gnu.linkonce.sb.*)
 *(.rela.sbss .rela.sbss.* .rela.gnu.linkonce.sb.*)
 *(.rel.sdata2 .rel.sdata2.* .rel.gnu.linkonce.s2.*)
 *(.rela.sdata2 .rela.sdata2.* .rela.gnu.linkonce.s2.*)
 *(.rel.sbss2 .rel.sbss2.* .rel.gnu.linkonce.sb2.*)
 *(.rela.sbss2 .rela.sbss2.* .rela.gnu.linkonce.sb2.*)
 *(.rel.bss .rel.bss.* .rel.gnu.linkonce.b.*)
 *(.rela.bss .rela.bss.* .rela.gnu.linkonce.b.*)
 *(.rel.plt)
 *(.rela.plt)
 *(.rel.dyn)
 *(.init)
 *(.plt)
 *(.text .stub .text.* .gnu.linkonce.t.*)
 .text          0x00008020       0x3c ../test_sopc_bsp//obj/HAL/src/crt0.o
                0x00008020                _start
 .text          0x0000805c       0x90 obj/default/hello_world_small.o
                0x0000805c                main
 .text          0x000080ec       0x8c ../test_sopc_bsp/\libhal_bsp.a(alt_load.o)
                0x0000810c                alt_load
 .text          0x00008178       0x2c ../test_sopc_bsp/\libhal_bsp.a(alt_main.o)
                0x00008178                alt_main
 .text          0x000081a4       0x38 ../test_sopc_bsp/\libhal_bsp.a(alt_putstr.o)
                0x000081a4                alt_putstr
 .text          0x000081dc        0x4 ../test_sopc_bsp/\libhal_bsp.a(alt_usleep.o)
                0x000081dc                usleep
 .text          0x000081e0       0x24 ../test_sopc_bsp/\libhal_bsp.a(alt_sys_init.o)
                0x000081e0                alt_sys_init
                0x000081e4                alt_irq_init
 .text          0x00008204       0x34 ../test_sopc_bsp/\libhal_bsp.a(altera_avalon_jtag_uart_write.o)
                0x00008204                altera_avalon_jtag_uart_write
 .text          0x00008238       0x8c ../test_sopc_bsp/\libhal_bsp.a(alt_busy_sleep.o)
                0x00008238                alt_busy_sleep
 .text          0x000082c4        0x4 ../test_sopc_bsp/\libhal_bsp.a(alt_dcache_flush_all.o)
                0x000082c4                alt_dcache_flush_all
 .text          0x000082c8        0x4 ../test_sopc_bsp/\libhal_bsp.a(alt_icache_flush_all.o)
                0x000082c8                alt_icache_flush_all
 .text          0x000082cc        0x8 ../test_sopc_bsp/\libhal_bsp.a(altera_nios2_irq.o)
                0x000082cc                altera_nios2_irq_init
 .text          0x000082d4       0x20 c:/altera/11.1sp2/nios2eds/bin/gnu/h-i686-mingw32/bin/../lib/gcc/nios2-elf/4.1.2/../../../../nios2-elf/lib/mno-hw-mul\libsmallc.a(lib_a-strlen.o)
                0x000082d4                strlen
 .text          0x000082f4      0x14c c:/altera/11.1sp2/nios2eds/bin/gnu/h-i686-mingw32/bin/../lib/gcc/nios2-elf/4.1.2/mno-hw-mul\libgcc.a(lib2-divmod.o)
                0x00008370                __divsi3
                0x000083d0                __modsi3
                0x00008430                __udivsi3
                0x00008438                __umodsi3
 .text          0x00008440       0x38 c:/altera/11.1sp2/nios2eds/bin/gnu/h-i686-mingw32/bin/../lib/gcc/nios2-elf/4.1.2/mno-hw-mul\libgcc.a(lib2-mul.o)
                0x00008440                __mulsi3
 *(.gnu.warning.*)
 *(.fini)
                0x00008478                PROVIDE (__etext, ABSOLUTE (.))
                0x00008478                PROVIDE (_etext, ABSOLUTE (.))
                0x00008478                PROVIDE (etext, ABSOLUTE (.))
 *(.eh_frame_hdr)
                0x00008478                . = ALIGN (0x4)
                0x00008478                PROVIDE (__preinit_array_start, ABSOLUTE (.))
 *(.preinit_array)
                0x00008478                PROVIDE (__preinit_array_end, ABSOLUTE (.))
                0x00008478                PROVIDE (__init_array_start, ABSOLUTE (.))
 *(.init_array)
                0x00008478                PROVIDE (__init_array_end, ABSOLUTE (.))
                0x00008478                PROVIDE (__fini_array_start, ABSOLUTE (.))
 *(.fini_array)
                0x00008478                PROVIDE (__fini_array_end, ABSOLUTE (.))
 *(.eh_frame)
 *(.gcc_except_table)
 *(.dynamic)
                0x00008478                PROVIDE (__CTOR_LIST__, ABSOLUTE (.))
 *(.ctors)
 *(SORT(.ctors.*))
                0x00008478                PROVIDE (__CTOR_END__, ABSOLUTE (.))
                0x00008478                PROVIDE (__DTOR_LIST__, ABSOLUTE (.))
 *(.dtors)
 *(SORT(.dtors.*))
                0x00008478                PROVIDE (__DTOR_END__, ABSOLUTE (.))
 *(.jcr)
                0x00008478                . = ALIGN (0x4)

.rodata         0x00008478       0x18
                0x00008478                PROVIDE (__ram_rodata_start, ABSOLUTE (.))
                0x00008478                . = ALIGN (0x4)
 *(.rodata .rodata.* .gnu.linkonce.r.*)
 .rodata.str1.4
                0x00008478       0x18 obj/default/hello_world_small.o
 *(.rodata1)
                0x00008490                . = ALIGN (0x4)
                0x00008490                PROVIDE (__ram_rodata_end, ABSOLUTE (.))
                0x00008478                PROVIDE (__flash_rodata_start, LOADADDR (.rodata))

.rwdata         0x00008490        0x4 load address 0x00008494
                0x00008490                PROVIDE (__ram_rwdata_start, ABSOLUTE (.))
                0x00008490                . = ALIGN (0x4)
 *(.got.plt)
 *(.got)
 *(.data1)
 *(.data .data.* .gnu.linkonce.d.*)
 .data          0x00008490        0x0 ../test_sopc_bsp//obj/HAL/src/crt0.o
 .data          0x00008490        0x0 obj/default/hello_world_small.o
 .data          0x00008490        0x0 ../test_sopc_bsp/\libhal_bsp.a(alt_load.o)
 .data          0x00008490        0x0 ../test_sopc_bsp/\libhal_bsp.a(alt_main.o)
 .data          0x00008490        0x0 ../test_sopc_bsp/\libhal_bsp.a(alt_putstr.o)
 .data          0x00008490        0x0 ../test_sopc_bsp/\libhal_bsp.a(alt_usleep.o)
 .data          0x00008490        0x0 ../test_sopc_bsp/\libhal_bsp.a(alt_sys_init.o)
 .data          0x00008490        0x0 ../test_sopc_bsp/\libhal_bsp.a(altera_avalon_jtag_uart_write.o)
 .data          0x00008490        0x0 ../test_sopc_bsp/\libhal_bsp.a(alt_busy_sleep.o)
 .data          0x00008490        0x0 ../test_sopc_bsp/\libhal_bsp.a(alt_dcache_flush_all.o)
 .data          0x00008490        0x0 ../test_sopc_bsp/\libhal_bsp.a(alt_icache_flush_all.o)
 .data          0x00008490        0x0 ../test_sopc_bsp/\libhal_bsp.a(altera_nios2_irq.o)
 .data          0x00008490        0x0 c:/altera/11.1sp2/nios2eds/bin/gnu/h-i686-mingw32/bin/../lib/gcc/nios2-elf/4.1.2/../../../../nios2-elf/lib/mno-hw-mul\libsmallc.a(lib_a-strlen.o)
 .data          0x00008490        0x0 c:/altera/11.1sp2/nios2eds/bin/gnu/h-i686-mingw32/bin/../lib/gcc/nios2-elf/4.1.2/mno-hw-mul\libgcc.a(lib2-divmod.o)
 .data          0x00008490        0x0 c:/altera/11.1sp2/nios2eds/bin/gnu/h-i686-mingw32/bin/../lib/gcc/nios2-elf/4.1.2/mno-hw-mul\libgcc.a(lib2-mul.o)
                0x00010490                _gp = ABSOLUTE ((. + 0x8000))
                0x00010490                PROVIDE (gp, _gp)
 *(.rwdata .rwdata.*)
 *(.sdata .sdata.* .gnu.linkonce.s.*)
 .sdata         0x00008490        0x4 ../test_sopc_bsp/\libhal_bsp.a(alt_sys_init.o)
                0x00008490                jtag_uart
 *(.sdata2 .sdata2.* .gnu.linkonce.s2.*)
                0x00008494                . = ALIGN (0x4)
                0x00008494                _edata = ABSOLUTE (.)
                0x00008494                PROVIDE (edata, ABSOLUTE (.))
                0x00008494                PROVIDE (__ram_rwdata_end, ABSOLUTE (.))
                0x00008494                PROVIDE (__flash_rwdata_start, LOADADDR (.rwdata))

.bss            0x00008498       0x10
                0x00008498                __bss_start = ABSOLUTE (.)
                0x00008498                PROVIDE (__sbss_start, ABSOLUTE (.))
                0x00008498                PROVIDE (___sbss_start, ABSOLUTE (.))
 *(.dynsbss)
 *(.sbss .sbss.* .gnu.linkonce.sb.*)
 .sbss          0x00008498        0x1 obj/default/hello_world_small.o
                0x00008498                a
 *fill*         0x00008499        0x3 00
 .sbss          0x0000849c        0xc ../test_sopc_bsp/\libhal_bsp.a(alt_main.o)
                0x0000849c                alt_argc
                0x000084a0                alt_argv
                0x000084a4                alt_envp
 *(.sbss2 .sbss2.* .gnu.linkonce.sb2.*)
 *(.scommon)
                0x000084a8                PROVIDE (__sbss_end, ABSOLUTE (.))
                0x000084a8                PROVIDE (___sbss_end, ABSOLUTE (.))
 *(.dynbss)
 *(.bss .bss.* .gnu.linkonce.b.*)
 .bss           0x000084a8        0x0 ../test_sopc_bsp//obj/HAL/src/crt0.o
 .bss           0x000084a8        0x0 obj/default/hello_world_small.o
 .bss           0x000084a8        0x0 ../test_sopc_bsp/\libhal_bsp.a(alt_load.o)
 .bss           0x000084a8        0x0 ../test_sopc_bsp/\libhal_bsp.a(alt_main.o)
 .bss           0x000084a8        0x0 ../test_sopc_bsp/\libhal_bsp.a(alt_putstr.o)
 .bss           0x000084a8        0x0 ../test_sopc_bsp/\libhal_bsp.a(alt_usleep.o)
 .bss           0x000084a8        0x0 ../test_sopc_bsp/\libhal_bsp.a(alt_sys_init.o)
 .bss           0x000084a8        0x0 ../test_sopc_bsp/\libhal_bsp.a(altera_avalon_jtag_uart_write.o)
 .bss           0x000084a8        0x0 ../test_sopc_bsp/\libhal_bsp.a(alt_busy_sleep.o)
 .bss           0x000084a8        0x0 ../test_sopc_bsp/\libhal_bsp.a(alt_dcache_flush_all.o)
 .bss           0x000084a8        0x0 ../test_sopc_bsp/\libhal_bsp.a(alt_icache_flush_all.o)
 .bss           0x000084a8        0x0 ../test_sopc_bsp/\libhal_bsp.a(altera_nios2_irq.o)
 .bss           0x000084a8        0x0 c:/altera/11.1sp2/nios2eds/bin/gnu/h-i686-mingw32/bin/../lib/gcc/nios2-elf/4.1.2/../../../../nios2-elf/lib/mno-hw-mul\libsmallc.a(lib_a-strlen.o)
 .bss           0x000084a8        0x0 c:/altera/11.1sp2/nios2eds/bin/gnu/h-i686-mingw32/bin/../lib/gcc/nios2-elf/4.1.2/mno-hw-mul\libgcc.a(lib2-divmod.o)
 .bss           0x000084a8        0x0 c:/altera/11.1sp2/nios2eds/bin/gnu/h-i686-mingw32/bin/../lib/gcc/nios2-elf/4.1.2/mno-hw-mul\libgcc.a(lib2-mul.o)
 *(COMMON)
                0x000084a8                . = ALIGN (0x4)
                0x000084a8                __bss_end = ABSOLUTE (.)

.onchip_memory2_0
                0x000084a8        0x0
                0x000084a8                PROVIDE (_alt_partition_onchip_memory2_0_start, ABSOLUTE (.))
 *(.onchip_memory2_0. onchip_memory2_0.*)
                0x000084a8                . = ALIGN (0x4)
                0x000084a8                PROVIDE (_alt_partition_onchip_memory2_0_end, ABSOLUTE (.))
                0x000084a8                _end = ABSOLUTE (.)
                0x000084a8                end = ABSOLUTE (.)
                0x000084a8                __alt_stack_base = ABSOLUTE (.)
                0x000084a8                PROVIDE (_alt_partition_onchip_memory2_0_load_addr, LOADADDR (.onchip_memory2_0))

.stab
 *(.stab)

.stabstr
 *(.stabstr)

.stab.excl
 *(.stab.excl)

.stab.exclstr
 *(.stab.exclstr)

.stab.index
 *(.stab.index)

.stab.indexstr
 *(.stab.indexstr)

.comment        0x00000000       0x26
 *(.comment)
 .comment       0x00000000       0x26 obj/default/hello_world_small.o
                                 0x27 (size before relaxing)
 .comment       0x00000000       0x27 ../test_sopc_bsp/\libhal_bsp.a(alt_load.o)
 .comment       0x00000000       0x27 ../test_sopc_bsp/\libhal_bsp.a(alt_main.o)
 .comment       0x00000000       0x27 ../test_sopc_bsp/\libhal_bsp.a(alt_putstr.o)
 .comment       0x00000000       0x27 ../test_sopc_bsp/\libhal_bsp.a(alt_usleep.o)
 .comment       0x00000000       0x27 ../test_sopc_bsp/\libhal_bsp.a(alt_sys_init.o)
 .comment       0x00000000       0x27 ../test_sopc_bsp/\libhal_bsp.a(altera_avalon_jtag_uart_write.o)
 .comment       0x00000000       0x27 ../test_sopc_bsp/\libhal_bsp.a(alt_busy_sleep.o)
 .comment       0x00000000       0x27 ../test_sopc_bsp/\libhal_bsp.a(alt_dcache_flush_all.o)
 .comment       0x00000000       0x27 ../test_sopc_bsp/\libhal_bsp.a(alt_icache_flush_all.o)
 .comment       0x00000000       0x27 ../test_sopc_bsp/\libhal_bsp.a(altera_nios2_irq.o)
 .comment       0x00000000       0x27 c:/altera/11.1sp2/nios2eds/bin/gnu/h-i686-mingw32/bin/../lib/gcc/nios2-elf/4.1.2/../../../../nios2-elf/lib/mno-hw-mul\libsmallc.a(lib_a-strlen.o)
 .comment       0x00000000       0x27 c:/altera/11.1sp2/nios2eds/bin/gnu/h-i686-mingw32/bin/../lib/gcc/nios2-elf/4.1.2/mno-hw-mul\libgcc.a(lib2-divmod.o)
 .comment       0x00000000       0x27 c:/altera/11.1sp2/nios2eds/bin/gnu/h-i686-mingw32/bin/../lib/gcc/nios2-elf/4.1.2/mno-hw-mul\libgcc.a(lib2-mul.o)

.debug
 *(.debug)

.line
 *(.line)

.debug_srcinfo
 *(.debug_srcinfo)

.debug_sfnames
 *(.debug_sfnames)

.debug_aranges  0x00000000      0x1e8
 *(.debug_aranges)
 .debug_aranges
                0x00000000       0x28 ../test_sopc_bsp//obj/HAL/src/crt0.o
 .debug_aranges
                0x00000028       0x20 obj/default/hello_world_small.o
 .debug_aranges
                0x00000048       0x20 ../test_sopc_bsp/\libhal_bsp.a(alt_load.o)
 .debug_aranges
                0x00000068       0x20 ../test_sopc_bsp/\libhal_bsp.a(alt_main.o)
 .debug_aranges
                0x00000088       0x20 ../test_sopc_bsp/\libhal_bsp.a(alt_putstr.o)
 .debug_aranges
                0x000000a8       0x20 ../test_sopc_bsp/\libhal_bsp.a(alt_usleep.o)
 .debug_aranges
                0x000000c8       0x20 ../test_sopc_bsp/\libhal_bsp.a(alt_sys_init.o)
 .debug_aranges
                0x000000e8       0x20 ../test_sopc_bsp/\libhal_bsp.a(altera_avalon_jtag_uart_write.o)
 .debug_aranges
                0x00000108       0x20 ../test_sopc_bsp/\libhal_bsp.a(alt_busy_sleep.o)
 .debug_aranges
                0x00000128       0x20 ../test_sopc_bsp/\libhal_bsp.a(alt_dcache_flush_all.o)
 .debug_aranges
                0x00000148       0x20 ../test_sopc_bsp/\libhal_bsp.a(alt_icache_flush_all.o)
 .debug_aranges
                0x00000168       0x20 ../test_sopc_bsp/\libhal_bsp.a(altera_nios2_irq.o)
 .debug_aranges
                0x00000188       0x20 c:/altera/11.1sp2/nios2eds/bin/gnu/h-i686-mingw32/bin/../lib/gcc/nios2-elf/4.1.2/../../../../nios2-elf/lib/mno-hw-mul\libsmallc.a(lib_a-strlen.o)
 .debug_aranges
                0x000001a8       0x20 c:/altera/11.1sp2/nios2eds/bin/gnu/h-i686-mingw32/bin/../lib/gcc/nios2-elf/4.1.2/mno-hw-mul\libgcc.a(lib2-divmod.o)
 .debug_aranges
                0x000001c8       0x20 c:/altera/11.1sp2/nios2eds/bin/gnu/h-i686-mingw32/bin/../lib/gcc/nios2-elf/4.1.2/mno-hw-mul\libgcc.a(lib2-mul.o)

.debug_pubnames
                0x00000000      0x265
 *(.debug_pubnames)
 .debug_pubnames
                0x00000000       0x21 obj/default/hello_world_small.o
 .debug_pubnames
                0x00000021       0x1f ../test_sopc_bsp/\libhal_bsp.a(alt_load.o)
 .debug_pubnames
                0x00000040       0x46 ../test_sopc_bsp/\libhal_bsp.a(alt_main.o)
 .debug_pubnames
                0x00000086       0x21 ../test_sopc_bsp/\libhal_bsp.a(alt_putstr.o)
 .debug_pubnames
                0x000000a7       0x1d ../test_sopc_bsp/\libhal_bsp.a(alt_usleep.o)
 .debug_pubnames
                0x000000c4       0x42 ../test_sopc_bsp/\libhal_bsp.a(alt_sys_init.o)
 .debug_pubnames
                0x00000106       0x34 ../test_sopc_bsp/\libhal_bsp.a(altera_avalon_jtag_uart_write.o)
 .debug_pubnames
                0x0000013a       0x25 ../test_sopc_bsp/\libhal_bsp.a(alt_busy_sleep.o)
 .debug_pubnames
                0x0000015f       0x2b ../test_sopc_bsp/\libhal_bsp.a(alt_dcache_flush_all.o)
 .debug_pubnames
                0x0000018a       0x2b ../test_sopc_bsp/\libhal_bsp.a(alt_icache_flush_all.o)
 .debug_pubnames
                0x000001b5       0x2c ../test_sopc_bsp/\libhal_bsp.a(altera_nios2_irq.o)
 .debug_pubnames
                0x000001e1       0x1d c:/altera/11.1sp2/nios2eds/bin/gnu/h-i686-mingw32/bin/../lib/gcc/nios2-elf/4.1.2/../../../../nios2-elf/lib/mno-hw-mul\libsmallc.a(lib_a-strlen.o)
 .debug_pubnames
                0x000001fe       0x48 c:/altera/11.1sp2/nios2eds/bin/gnu/h-i686-mingw32/bin/../lib/gcc/nios2-elf/4.1.2/mno-hw-mul\libgcc.a(lib2-divmod.o)
 .debug_pubnames
                0x00000246       0x1f c:/altera/11.1sp2/nios2eds/bin/gnu/h-i686-mingw32/bin/../lib/gcc/nios2-elf/4.1.2/mno-hw-mul\libgcc.a(lib2-mul.o)

.debug_info     0x00000000      0xe26
 *(.debug_info .gnu.linkonce.wi.*)
 .debug_info    0x00000000       0x6d ../test_sopc_bsp//obj/HAL/src/crt0.o
 .debug_info    0x0000006d       0xa2 obj/default/hello_world_small.o
 .debug_info    0x0000010f      0x12e ../test_sopc_bsp/\libhal_bsp.a(alt_load.o)
 .debug_info    0x0000023d      0x125 ../test_sopc_bsp/\libhal_bsp.a(alt_main.o)
 .debug_info    0x00000362       0xc5 ../test_sopc_bsp/\libhal_bsp.a(alt_putstr.o)
 .debug_info    0x00000427       0xab ../test_sopc_bsp/\libhal_bsp.a(alt_usleep.o)
 .debug_info    0x000004d2      0x17d ../test_sopc_bsp/\libhal_bsp.a(alt_sys_init.o)
 .debug_info    0x0000064f      0x18f ../test_sopc_bsp/\libhal_bsp.a(altera_avalon_jtag_uart_write.o)
 .debug_info    0x000007de       0xd0 ../test_sopc_bsp/\libhal_bsp.a(alt_busy_sleep.o)
 .debug_info    0x000008ae       0x8d ../test_sopc_bsp/\libhal_bsp.a(alt_dcache_flush_all.o)
 .debug_info    0x0000093b       0x8d ../test_sopc_bsp/\libhal_bsp.a(alt_icache_flush_all.o)
 .debug_info    0x000009c8       0x8d ../test_sopc_bsp/\libhal_bsp.a(altera_nios2_irq.o)
 .debug_info    0x00000a55       0xc2 c:/altera/11.1sp2/nios2eds/bin/gnu/h-i686-mingw32/bin/../lib/gcc/nios2-elf/4.1.2/../../../../nios2-elf/lib/mno-hw-mul\libsmallc.a(lib_a-strlen.o)
 .debug_info    0x00000b17      0x21c c:/altera/11.1sp2/nios2eds/bin/gnu/h-i686-mingw32/bin/../lib/gcc/nios2-elf/4.1.2/mno-hw-mul\libgcc.a(lib2-divmod.o)
 .debug_info    0x00000d33       0xf3 c:/altera/11.1sp2/nios2eds/bin/gnu/h-i686-mingw32/bin/../lib/gcc/nios2-elf/4.1.2/mno-hw-mul\libgcc.a(lib2-mul.o)

.debug_abbrev   0x00000000      0x756
 *(.debug_abbrev)
 .debug_abbrev  0x00000000       0x12 ../test_sopc_bsp//obj/HAL/src/crt0.o
 .debug_abbrev  0x00000012       0x50 obj/default/hello_world_small.o
 .debug_abbrev  0x00000062       0x97 ../test_sopc_bsp/\libhal_bsp.a(alt_load.o)
 .debug_abbrev  0x000000f9       0xa6 ../test_sopc_bsp/\libhal_bsp.a(alt_main.o)
 .debug_abbrev  0x0000019f       0x7c ../test_sopc_bsp/\libhal_bsp.a(alt_putstr.o)
 .debug_abbrev  0x0000021b       0x5d ../test_sopc_bsp/\libhal_bsp.a(alt_usleep.o)
 .debug_abbrev  0x00000278       0xe3 ../test_sopc_bsp/\libhal_bsp.a(alt_sys_init.o)
 .debug_abbrev  0x0000035b       0xf0 ../test_sopc_bsp/\libhal_bsp.a(altera_avalon_jtag_uart_write.o)
 .debug_abbrev  0x0000044b       0x79 ../test_sopc_bsp/\libhal_bsp.a(alt_busy_sleep.o)
 .debug_abbrev  0x000004c4       0x3f ../test_sopc_bsp/\libhal_bsp.a(alt_dcache_flush_all.o)
 .debug_abbrev  0x00000503       0x3f ../test_sopc_bsp/\libhal_bsp.a(alt_icache_flush_all.o)
 .debug_abbrev  0x00000542       0x3f ../test_sopc_bsp/\libhal_bsp.a(altera_nios2_irq.o)
 .debug_abbrev  0x00000581       0x7a c:/altera/11.1sp2/nios2eds/bin/gnu/h-i686-mingw32/bin/../lib/gcc/nios2-elf/4.1.2/../../../../nios2-elf/lib/mno-hw-mul\libsmallc.a(lib_a-strlen.o)
 .debug_abbrev  0x000005fb       0xe0 c:/altera/11.1sp2/nios2eds/bin/gnu/h-i686-mingw32/bin/../lib/gcc/nios2-elf/4.1.2/mno-hw-mul\libgcc.a(lib2-divmod.o)
 .debug_abbrev  0x000006db       0x7b c:/altera/11.1sp2/nios2eds/bin/gnu/h-i686-mingw32/bin/../lib/gcc/nios2-elf/4.1.2/mno-hw-mul\libgcc.a(lib2-mul.o)

.debug_line     0x00000000     0x1e06
 *(.debug_line)
 .debug_line    0x00000000       0x66 ../test_sopc_bsp//obj/HAL/src/crt0.o
 .debug_line    0x00000066      0x228 obj/default/hello_world_small.o
 .debug_line    0x0000028e      0x217 ../test_sopc_bsp/\libhal_bsp.a(alt_load.o)
 .debug_line    0x000004a5      0x2c2 ../test_sopc_bsp/\libhal_bsp.a(alt_main.o)
 .debug_line    0x00000767      0x1d9 ../test_sopc_bsp/\libhal_bsp.a(alt_putstr.o)
 .debug_line    0x00000940      0x202 ../test_sopc_bsp/\libhal_bsp.a(alt_usleep.o)
 .debug_line    0x00000b42      0x286 ../test_sopc_bsp/\libhal_bsp.a(alt_sys_init.o)
 .debug_line    0x00000dc8      0x2f4 ../test_sopc_bsp/\libhal_bsp.a(altera_avalon_jtag_uart_write.o)
 .debug_line    0x000010bc      0x25e ../test_sopc_bsp/\libhal_bsp.a(alt_busy_sleep.o)
 .debug_line    0x0000131a      0x1b5 ../test_sopc_bsp/\libhal_bsp.a(alt_dcache_flush_all.o)
 .debug_line    0x000014cf      0x1b5 ../test_sopc_bsp/\libhal_bsp.a(alt_icache_flush_all.o)
 .debug_line    0x00001684      0x1c9 ../test_sopc_bsp/\libhal_bsp.a(altera_nios2_irq.o)
 .debug_line    0x0000184d      0x250 c:/altera/11.1sp2/nios2eds/bin/gnu/h-i686-mingw32/bin/../lib/gcc/nios2-elf/4.1.2/../../../../nios2-elf/lib/mno-hw-mul\libsmallc.a(lib_a-strlen.o)
 .debug_line    0x00001a9d      0x24f c:/altera/11.1sp2/nios2eds/bin/gnu/h-i686-mingw32/bin/../lib/gcc/nios2-elf/4.1.2/mno-hw-mul\libgcc.a(lib2-divmod.o)
 .debug_line    0x00001cec      0x11a c:/altera/11.1sp2/nios2eds/bin/gnu/h-i686-mingw32/bin/../lib/gcc/nios2-elf/4.1.2/mno-hw-mul\libgcc.a(lib2-mul.o)

.debug_frame    0x00000000      0x260
 *(.debug_frame)
 .debug_frame   0x00000000       0x28 obj/default/hello_world_small.o
 .debug_frame   0x00000028       0x38 ../test_sopc_bsp/\libhal_bsp.a(alt_load.o)
 .debug_frame   0x00000060       0x28 ../test_sopc_bsp/\libhal_bsp.a(alt_main.o)
 .debug_frame   0x00000088       0x28 ../test_sopc_bsp/\libhal_bsp.a(alt_putstr.o)
 .debug_frame   0x000000b0       0x20 ../test_sopc_bsp/\libhal_bsp.a(alt_usleep.o)
 .debug_frame   0x000000d0       0x38 ../test_sopc_bsp/\libhal_bsp.a(alt_sys_init.o)
 .debug_frame   0x00000108       0x20 ../test_sopc_bsp/\libhal_bsp.a(altera_avalon_jtag_uart_write.o)
 .debug_frame   0x00000128       0x28 ../test_sopc_bsp/\libhal_bsp.a(alt_busy_sleep.o)
 .debug_frame   0x00000150       0x20 ../test_sopc_bsp/\libhal_bsp.a(alt_dcache_flush_all.o)
 .debug_frame   0x00000170       0x20 ../test_sopc_bsp/\libhal_bsp.a(alt_icache_flush_all.o)
 .debug_frame   0x00000190       0x20 ../test_sopc_bsp/\libhal_bsp.a(altera_nios2_irq.o)
 .debug_frame   0x000001b0       0x20 c:/altera/11.1sp2/nios2eds/bin/gnu/h-i686-mingw32/bin/../lib/gcc/nios2-elf/4.1.2/../../../../nios2-elf/lib/mno-hw-mul\libsmallc.a(lib_a-strlen.o)
 .debug_frame   0x000001d0       0x70 c:/altera/11.1sp2/nios2eds/bin/gnu/h-i686-mingw32/bin/../lib/gcc/nios2-elf/4.1.2/mno-hw-mul\libgcc.a(lib2-divmod.o)
 .debug_frame   0x00000240       0x20 c:/altera/11.1sp2/nios2eds/bin/gnu/h-i686-mingw32/bin/../lib/gcc/nios2-elf/4.1.2/mno-hw-mul\libgcc.a(lib2-mul.o)

.debug_str      0x00000000      0x69c
 *(.debug_str)
 .debug_str     0x00000000       0xa8 obj/default/hello_world_small.o
                                 0xe6 (size before relaxing)
 .debug_str     0x000000a8      0x12d ../test_sopc_bsp/\libhal_bsp.a(alt_load.o)
                                0x1c2 (size before relaxing)
 .debug_str     0x000001d5       0x75 ../test_sopc_bsp/\libhal_bsp.a(alt_main.o)
                                0x146 (size before relaxing)
 .debug_str     0x0000024a       0x4a ../test_sopc_bsp/\libhal_bsp.a(alt_putstr.o)
                                0x11b (size before relaxing)
 .debug_str     0x00000294       0x27 ../test_sopc_bsp/\libhal_bsp.a(alt_usleep.o)
                                 0xf8 (size before relaxing)
 .debug_str     0x000002bb       0x85 ../test_sopc_bsp/\libhal_bsp.a(alt_sys_init.o)
                                0x1b9 (size before relaxing)
 .debug_str     0x00000340       0x56 ../test_sopc_bsp/\libhal_bsp.a(altera_avalon_jtag_uart_write.o)
                                0x1be (size before relaxing)
 .debug_str     0x00000396       0x42 ../test_sopc_bsp/\libhal_bsp.a(alt_busy_sleep.o)
                                0x11b (size before relaxing)
 .debug_str     0x000003d8       0x34 ../test_sopc_bsp/\libhal_bsp.a(alt_dcache_flush_all.o)
                                0x105 (size before relaxing)
 .debug_str     0x0000040c       0x34 ../test_sopc_bsp/\libhal_bsp.a(alt_icache_flush_all.o)
                                0x105 (size before relaxing)
 .debug_str     0x00000440       0x31 ../test_sopc_bsp/\libhal_bsp.a(altera_nios2_irq.o)
                                0x102 (size before relaxing)
 .debug_str     0x00000471       0xe9 c:/altera/11.1sp2/nios2eds/bin/gnu/h-i686-mingw32/bin/../lib/gcc/nios2-elf/4.1.2/../../../../nios2-elf/lib/mno-hw-mul\libsmallc.a(lib_a-strlen.o)
                                0x184 (size before relaxing)
 .debug_str     0x0000055a      0x10b c:/altera/11.1sp2/nios2eds/bin/gnu/h-i686-mingw32/bin/../lib/gcc/nios2-elf/4.1.2/mno-hw-mul\libgcc.a(lib2-divmod.o)
                                0x1b4 (size before relaxing)
 .debug_str     0x00000665       0x37 c:/altera/11.1sp2/nios2eds/bin/gnu/h-i686-mingw32/bin/../lib/gcc/nios2-elf/4.1.2/mno-hw-mul\libgcc.a(lib2-mul.o)
                                0x175 (size before relaxing)

.debug_loc      0x00000000      0x39f
 *(.debug_loc)
 .debug_loc     0x00000000       0x1f obj/default/hello_world_small.o
 .debug_loc     0x0000001f       0x1f ../test_sopc_bsp/\libhal_bsp.a(alt_load.o)
 .debug_loc     0x0000003e       0x1f ../test_sopc_bsp/\libhal_bsp.a(alt_main.o)
 .debug_loc     0x0000005d       0x48 ../test_sopc_bsp/\libhal_bsp.a(alt_putstr.o)
 .debug_loc     0x000000a5       0x13 ../test_sopc_bsp/\libhal_bsp.a(alt_usleep.o)
 .debug_loc     0x000000b8       0x32 ../test_sopc_bsp/\libhal_bsp.a(alt_sys_init.o)
 .debug_loc     0x000000ea       0x26 ../test_sopc_bsp/\libhal_bsp.a(altera_avalon_jtag_uart_write.o)
 .debug_loc     0x00000110       0x50 ../test_sopc_bsp/\libhal_bsp.a(alt_busy_sleep.o)
 .debug_loc     0x00000160       0x1e c:/altera/11.1sp2/nios2eds/bin/gnu/h-i686-mingw32/bin/../lib/gcc/nios2-elf/4.1.2/../../../../nios2-elf/lib/mno-hw-mul\libsmallc.a(lib_a-strlen.o)
 .debug_loc     0x0000017e      0x1d2 c:/altera/11.1sp2/nios2eds/bin/gnu/h-i686-mingw32/bin/../lib/gcc/nios2-elf/4.1.2/mno-hw-mul\libgcc.a(lib2-divmod.o)
 .debug_loc     0x00000350       0x4f c:/altera/11.1sp2/nios2eds/bin/gnu/h-i686-mingw32/bin/../lib/gcc/nios2-elf/4.1.2/mno-hw-mul\libgcc.a(lib2-mul.o)

.debug_macinfo
 *(.debug_macinfo)

.debug_weaknames
 *(.debug_weaknames)

.debug_funcnames
 *(.debug_funcnames)

.debug_typenames
 *(.debug_typenames)

.debug_varnames
 *(.debug_varnames)

.debug_alt_sim_info
                0x00000000       0x40
 *(.debug_alt_sim_info)
 .debug_alt_sim_info
                0x00000000       0x10 ../test_sopc_bsp//obj/HAL/src/crt0.o
 .debug_alt_sim_info
                0x00000010       0x30 ../test_sopc_bsp/\libhal_bsp.a(alt_busy_sleep.o)
                0x0000ce20                __alt_data_end = 0xce20
                0x0000ce20                PROVIDE (__alt_stack_pointer, __alt_data_end)
                0x000084a8                PROVIDE (__alt_stack_limit, __alt_stack_base)
                0x000084a8                PROVIDE (__alt_heap_start, end)
                0x0000ce20                PROVIDE (__alt_heap_limit, 0xce20)
OUTPUT(test_sopc.elf elf32-littlenios2)

.debug_ranges   0x00000000       0x20
 .debug_ranges  0x00000000       0x20 ../test_sopc_bsp//obj/HAL/src/crt0.o
