Analysis & Synthesis report for gestion_anemometre
Thu Oct 08 14:58:01 2020
Quartus II Version 9.1 Build 350 03/24/2010 Service Pack 2 SJ Web Edition


---------------------
; Table of Contents ;
---------------------
  1. Legal Notice
  2. Analysis & Synthesis Summary
  3. Analysis & Synthesis Settings
  4. Parallel Compilation
  5. Analysis & Synthesis Source Files Read
  6. Analysis & Synthesis Resource Usage Summary
  7. Analysis & Synthesis Resource Utilization by Entity
  8. State Machine - |gestion_anemometre|state_machine:mae|State
  9. Registers Removed During Synthesis
 10. Removed Registers Triggering Further Register Optimizations
 11. General Register Statistics
 12. Multiplexer Restructuring Statistics (Restructuring Performed)
 13. Port Connectivity Checks: "state_machine:mae"
 14. Analysis & Synthesis Messages



----------------
; Legal Notice ;
----------------
Copyright (C) 1991-2010 Altera Corporation
Your use of Altera Corporation's design tools, logic functions 
and other software and tools, and its AMPP partner logic 
functions, and any output files from any of the foregoing 
(including device programming or simulation files), and any 
associated documentation or information are expressly subject 
to the terms and conditions of the Altera Program License 
Subscription Agreement, Altera MegaCore Function License 
Agreement, or other applicable license agreement, including, 
without limitation, that your use is for the sole purpose of 
programming logic devices manufactured by Altera and sold by 
Altera or its authorized distributors.  Please refer to the 
applicable agreement for further details.



+-----------------------------------------------------------------------------------+
; Analysis & Synthesis Summary                                                      ;
+------------------------------------+----------------------------------------------+
; Analysis & Synthesis Status        ; Successful - Thu Oct 08 14:58:01 2020        ;
; Quartus II Version                 ; 9.1 Build 350 03/24/2010 SP 2 SJ Web Edition ;
; Revision Name                      ; gestion_anemometre                           ;
; Top-level Entity Name              ; gestion_anemometre                           ;
; Family                             ; Cyclone II                                   ;
; Total logic elements               ; 0                                            ;
;     Total combinational functions  ; 0                                            ;
;     Dedicated logic registers      ; 0                                            ;
; Total registers                    ; 0                                            ;
; Total pins                         ; 14                                           ;
; Total virtual pins                 ; 0                                            ;
; Total memory bits                  ; 0                                            ;
; Embedded Multiplier 9-bit elements ; 0                                            ;
; Total PLLs                         ; 0                                            ;
+------------------------------------+----------------------------------------------+


+----------------------------------------------------------------------------------------------------------------------+
; Analysis & Synthesis Settings                                                                                        ;
+----------------------------------------------------------------------------+--------------------+--------------------+
; Option                                                                     ; Setting            ; Default Value      ;
+----------------------------------------------------------------------------+--------------------+--------------------+
; Device                                                                     ; EP2C35F672C6       ;                    ;
; Top-level entity name                                                      ; gestion_anemometre ; gestion_anemometre ;
; Family name                                                                ; Cyclone II         ; Stratix II         ;
; Use Generated Physical Constraints File                                    ; Off                ;                    ;
; Use smart compilation                                                      ; Off                ; Off                ;
; Enable parallel Assembler and TimeQuest Timing Analyzer during compilation ; On                 ; On                 ;
; Enable compact report table                                                ; Off                ; Off                ;
; Restructure Multiplexers                                                   ; Auto               ; Auto               ;
; Create Debugging Nodes for IP Cores                                        ; Off                ; Off                ;
; Preserve fewer node names                                                  ; On                 ; On                 ;
; Disable OpenCore Plus hardware evaluation                                  ; Off                ; Off                ;
; Verilog Version                                                            ; Verilog_2001       ; Verilog_2001       ;
; VHDL Version                                                               ; VHDL_1993          ; VHDL_1993          ;
; State Machine Processing                                                   ; Auto               ; Auto               ;
; Safe State Machine                                                         ; Off                ; Off                ;
; Extract Verilog State Machines                                             ; On                 ; On                 ;
; Extract VHDL State Machines                                                ; On                 ; On                 ;
; Ignore Verilog initial constructs                                          ; Off                ; Off                ;
; Iteration limit for constant Verilog loops                                 ; 5000               ; 5000               ;
; Iteration limit for non-constant Verilog loops                             ; 250                ; 250                ;
; Add Pass-Through Logic to Inferred RAMs                                    ; On                 ; On                 ;
; Parallel Synthesis                                                         ; On                 ; On                 ;
; DSP Block Balancing                                                        ; Auto               ; Auto               ;
; NOT Gate Push-Back                                                         ; On                 ; On                 ;
; Power-Up Don't Care                                                        ; On                 ; On                 ;
; Remove Redundant Logic Cells                                               ; Off                ; Off                ;
; Remove Duplicate Registers                                                 ; On                 ; On                 ;
; Ignore CARRY Buffers                                                       ; Off                ; Off                ;
; Ignore CASCADE Buffers                                                     ; Off                ; Off                ;
; Ignore GLOBAL Buffers                                                      ; Off                ; Off                ;
; Ignore ROW GLOBAL Buffers                                                  ; Off                ; Off                ;
; Ignore LCELL Buffers                                                       ; Off                ; Off                ;
; Ignore SOFT Buffers                                                        ; On                 ; On                 ;
; Limit AHDL Integers to 32 Bits                                             ; Off                ; Off                ;
; Optimization Technique                                                     ; Balanced           ; Balanced           ;
; Carry Chain Length                                                         ; 70                 ; 70                 ;
; Auto Carry Chains                                                          ; On                 ; On                 ;
; Auto Open-Drain Pins                                                       ; On                 ; On                 ;
; Perform WYSIWYG Primitive Resynthesis                                      ; Off                ; Off                ;
; Auto ROM Replacement                                                       ; On                 ; On                 ;
; Auto RAM Replacement                                                       ; On                 ; On                 ;
; Auto Shift Register Replacement                                            ; Auto               ; Auto               ;
; Auto Clock Enable Replacement                                              ; On                 ; On                 ;
; Strict RAM Replacement                                                     ; Off                ; Off                ;
; Allow Synchronous Control Signals                                          ; On                 ; On                 ;
; Force Use of Synchronous Clear Signals                                     ; Off                ; Off                ;
; Auto RAM to Logic Cell Conversion                                          ; Off                ; Off                ;
; Auto Resource Sharing                                                      ; Off                ; Off                ;
; Allow Any RAM Size For Recognition                                         ; Off                ; Off                ;
; Allow Any ROM Size For Recognition                                         ; Off                ; Off                ;
; Allow Any Shift Register Size For Recognition                              ; Off                ; Off                ;
; Use LogicLock Constraints during Resource Balancing                        ; On                 ; On                 ;
; Ignore translate_off and synthesis_off directives                          ; Off                ; Off                ;
; Timing-Driven Synthesis                                                    ; Off                ; Off                ;
; Show Parameter Settings Tables in Synthesis Report                         ; On                 ; On                 ;
; Ignore Maximum Fan-Out Assignments                                         ; Off                ; Off                ;
; Synchronization Register Chain Length                                      ; 2                  ; 2                  ;
; PowerPlay Power Optimization                                               ; Normal compilation ; Normal compilation ;
; HDL message level                                                          ; Level2             ; Level2             ;
; Suppress Register Optimization Related Messages                            ; Off                ; Off                ;
; Number of Removed Registers Reported in Synthesis Report                   ; 5000               ; 5000               ;
; Number of Inverted Registers Reported in Synthesis Report                  ; 100                ; 100                ;
; Clock MUX Protection                                                       ; On                 ; On                 ;
; Auto Gated Clock Conversion                                                ; Off                ; Off                ;
; Block Design Naming                                                        ; Auto               ; Auto               ;
; SDC constraint protection                                                  ; Off                ; Off                ;
; Synthesis Effort                                                           ; Auto               ; Auto               ;
; Shift Register Replacement - Allow Asynchronous Clear Signal               ; On                 ; On                 ;
; Analysis & Synthesis Message Level                                         ; Medium             ; Medium             ;
; Disable Register Merging Across Hierarchies                                ; Auto               ; Auto               ;
; Resource Aware Inference For Block RAM                                     ; On                 ; On                 ;
+----------------------------------------------------------------------------+--------------------+--------------------+


Parallel compilation was disabled, but you have multiple processors available. Enable parallel compilation to reduce compilation time.
+-------------------------------------+
; Parallel Compilation                ;
+----------------------------+--------+
; Processors                 ; Number ;
+----------------------------+--------+
; Number detected on machine ; 4      ;
; Maximum allowed            ; 1      ;
+----------------------------+--------+


+---------------------------------------------------------------------------------------------------------------------------------------------+
; Analysis & Synthesis Source Files Read                                                                                                      ;
+------------------------------------+-----------------+-----------------+--------------------------------------------------------------------+
; File Name with User-Entered Path   ; Used in Netlist ; File Type       ; File Name with Absolute Path                                       ;
+------------------------------------+-----------------+-----------------+--------------------------------------------------------------------+
; ../state_machine/state_machine.vhd ; yes             ; User VHDL File  ; D:/vhdl/tp_VHDL_G2_B5/BE/state_machine/state_machine.vhd           ;
; ../counter/counter.vhd             ; yes             ; User VHDL File  ; D:/vhdl/tp_VHDL_G2_B5/BE/counter/counter.vhd                       ;
; ../freq_divider/freq_divider.vhd   ; yes             ; User VHDL File  ; D:/vhdl/tp_VHDL_G2_B5/BE/freq_divider/freq_divider.vhd             ;
; gestion_anemometre.vhd             ; yes             ; User VHDL File  ; D:/vhdl/tp_VHDL_G2_B5/BE/gestion_anemometre/gestion_anemometre.vhd ;
+------------------------------------+-----------------+-----------------+--------------------------------------------------------------------+


+-----------------------------------------------------+
; Analysis & Synthesis Resource Usage Summary         ;
+---------------------------------------------+-------+
; Resource                                    ; Usage ;
+---------------------------------------------+-------+
;                                             ;       ;
; Total combinational functions               ; 0     ;
; Logic element usage by number of LUT inputs ;       ;
;     -- 4 input functions                    ; 0     ;
;     -- 3 input functions                    ; 0     ;
;     -- <=2 input functions                  ; 0     ;
;                                             ;       ;
; Logic elements by mode                      ;       ;
;     -- normal mode                          ; 0     ;
;     -- arithmetic mode                      ; 0     ;
;                                             ;       ;
; Total registers                             ; 0     ;
;     -- Dedicated logic registers            ; 0     ;
;     -- I/O registers                        ; 0     ;
;                                             ;       ;
; I/O pins                                    ; 14    ;
+---------------------------------------------+-------+


+-----------------------------------------------------------------------------------------------------------------------------------------------------------------------------+
; Analysis & Synthesis Resource Utilization by Entity                                                                                                                         ;
+----------------------------+-------------------+--------------+-------------+--------------+---------+-----------+------+--------------+---------------------+--------------+
; Compilation Hierarchy Node ; LC Combinationals ; LC Registers ; Memory Bits ; DSP Elements ; DSP 9x9 ; DSP 18x18 ; Pins ; Virtual Pins ; Full Hierarchy Name ; Library Name ;
+----------------------------+-------------------+--------------+-------------+--------------+---------+-----------+------+--------------+---------------------+--------------+
; |gestion_anemometre        ; 0 (0)             ; 0 (0)        ; 0           ; 0            ; 0       ; 0         ; 14   ; 0            ; |gestion_anemometre ; work         ;
+----------------------------+-------------------+--------------+-------------+--------------+---------+-----------+------+--------------+---------------------+--------------+
Note: For table entries with two numbers listed, the numbers in parentheses indicate the number of resources of the given type used by the specific entity alone. The numbers listed outside of parentheses indicate the total resources of the given type used by the specific entity and all of its sub-entities in the hierarchy.


Encoding Type:  One-Hot
+---------------------------------------------------------------+
; State Machine - |gestion_anemometre|state_machine:mae|State   ;
+------------+-----------+------------+------------+------------+
; Name       ; State.acq ; State.mono ; State.cont ; State.init ;
+------------+-----------+------------+------------+------------+
; State.init ; 0         ; 0          ; 0          ; 0          ;
; State.cont ; 0         ; 0          ; 1          ; 1          ;
; State.mono ; 0         ; 1          ; 0          ; 1          ;
; State.acq  ; 1         ; 0          ; 0          ; 1          ;
+------------+-----------+------------+------------+------------+


+-------------------------------------------------------------------------------+
; Registers Removed During Synthesis                                            ;
+----------------------------------------+--------------------------------------+
; Register name                          ; Reason for Removal                   ;
+----------------------------------------+--------------------------------------+
; state_machine:mae|temp1                ; Stuck at GND due to stuck port clock ;
; state_machine:mae|temp2[7]             ; Stuck at GND due to stuck port clock ;
; counter:counter0|temp1[7]              ; Lost fanout                          ;
; state_machine:mae|temp2[6]             ; Stuck at GND due to stuck port clock ;
; counter:counter0|temp1[6]              ; Lost fanout                          ;
; state_machine:mae|temp2[5]             ; Stuck at GND due to stuck port clock ;
; counter:counter0|temp1[5]              ; Lost fanout                          ;
; state_machine:mae|temp2[4]             ; Stuck at GND due to stuck port clock ;
; counter:counter0|temp1[4]              ; Lost fanout                          ;
; state_machine:mae|temp2[3]             ; Stuck at GND due to stuck port clock ;
; counter:counter0|temp1[3]              ; Lost fanout                          ;
; state_machine:mae|temp2[2]             ; Stuck at GND due to stuck port clock ;
; counter:counter0|temp1[2]              ; Lost fanout                          ;
; state_machine:mae|temp2[1]             ; Stuck at GND due to stuck port clock ;
; counter:counter0|temp1[1]              ; Lost fanout                          ;
; state_machine:mae|temp2[0]             ; Stuck at GND due to stuck port clock ;
; counter:counter0|temp1[0]              ; Lost fanout                          ;
; counter:counter0|temp[0..7]            ; Lost fanout                          ;
; counter:counter0|temp2[0..7]           ; Lost fanout                          ;
; freq_divider:divider|tmp               ; Lost fanout                          ;
; freq_divider:divider|count[0..31]      ; Lost fanout                          ;
; state_machine:mae|State.init           ; Stuck at GND due to stuck port clock ;
; state_machine:mae|State.cont           ; Stuck at GND due to stuck port clock ;
; state_machine:mae|State.mono           ; Stuck at GND due to stuck port clock ;
; state_machine:mae|State.acq            ; Stuck at GND due to stuck port clock ;
; Total Number of Removed Registers = 70 ;                                      ;
+----------------------------------------+--------------------------------------+


+---------------------------------------------------------------------------------------------------------------------------------------+
; Removed Registers Triggering Further Register Optimizations                                                                           ;
+----------------------------+-------------------------+--------------------------------------------------------------------------------+
; Register name              ; Reason for Removal      ; Registers Removed due to This Register                                         ;
+----------------------------+-------------------------+--------------------------------------------------------------------------------+
; state_machine:mae|temp2[7] ; Stuck at GND            ; counter:counter0|temp1[7], counter:counter0|temp[7], counter:counter0|temp[6], ;
;                            ; due to stuck port clock ; counter:counter0|temp[5], counter:counter0|temp[4], counter:counter0|temp[3],  ;
;                            ;                         ; counter:counter0|temp[2], counter:counter0|temp[1], counter:counter0|temp[0],  ;
;                            ;                         ; freq_divider:divider|tmp, freq_divider:divider|count[31],                      ;
;                            ;                         ; freq_divider:divider|count[30], freq_divider:divider|count[29],                ;
;                            ;                         ; freq_divider:divider|count[28], freq_divider:divider|count[27],                ;
;                            ;                         ; freq_divider:divider|count[26], freq_divider:divider|count[25],                ;
;                            ;                         ; freq_divider:divider|count[24], freq_divider:divider|count[23]                 ;
; state_machine:mae|temp2[6] ; Stuck at GND            ; counter:counter0|temp1[6]                                                      ;
;                            ; due to stuck port clock ;                                                                                ;
; state_machine:mae|temp2[5] ; Stuck at GND            ; counter:counter0|temp1[5]                                                      ;
;                            ; due to stuck port clock ;                                                                                ;
; state_machine:mae|temp2[4] ; Stuck at GND            ; counter:counter0|temp1[4]                                                      ;
;                            ; due to stuck port clock ;                                                                                ;
; state_machine:mae|temp2[3] ; Stuck at GND            ; counter:counter0|temp1[3]                                                      ;
;                            ; due to stuck port clock ;                                                                                ;
; state_machine:mae|temp2[2] ; Stuck at GND            ; counter:counter0|temp1[2]                                                      ;
;                            ; due to stuck port clock ;                                                                                ;
; state_machine:mae|temp2[1] ; Stuck at GND            ; counter:counter0|temp1[1]                                                      ;
;                            ; due to stuck port clock ;                                                                                ;
; state_machine:mae|temp2[0] ; Stuck at GND            ; counter:counter0|temp1[0]                                                      ;
;                            ; due to stuck port clock ;                                                                                ;
+----------------------------+-------------------------+--------------------------------------------------------------------------------+


+------------------------------------------------------+
; General Register Statistics                          ;
+----------------------------------------------+-------+
; Statistic                                    ; Value ;
+----------------------------------------------+-------+
; Total registers                              ; 0     ;
; Number of registers using Synchronous Clear  ; 0     ;
; Number of registers using Synchronous Load   ; 0     ;
; Number of registers using Asynchronous Clear ; 0     ;
; Number of registers using Asynchronous Load  ; 0     ;
; Number of registers using Clock Enable       ; 0     ;
; Number of registers using Preset             ; 0     ;
+----------------------------------------------+-------+


+---------------------------------------------------------------------------------------------------------------------------------------------------------------+
; Multiplexer Restructuring Statistics (Restructuring Performed)                                                                                                ;
+--------------------+-----------+---------------+----------------------+------------------------+------------+-------------------------------------------------+
; Multiplexer Inputs ; Bus Width ; Baseline Area ; Area if Restructured ; Saving if Restructured ; Registered ; Example Multiplexer Output                      ;
+--------------------+-----------+---------------+----------------------+------------------------+------------+-------------------------------------------------+
; 8:1                ; 2 bits    ; 10 LEs        ; 4 LEs                ; 6 LEs                  ; No         ; |gestion_anemometre|state_machine:mae|Selector0 ;
; 8:1                ; 2 bits    ; 10 LEs        ; 6 LEs                ; 4 LEs                  ; No         ; |gestion_anemometre|state_machine:mae|Selector1 ;
+--------------------+-----------+---------------+----------------------+------------------------+------------+-------------------------------------------------+


+---------------------------------------------------------------------------------------------------------------------------------------------------------------------------+
; Port Connectivity Checks: "state_machine:mae"                                                                                                                             ;
+---------+-------+----------+----------------------------------------------------------------------------------------------------------------------------------------------+
; Port    ; Type  ; Severity ; Details                                                                                                                                      ;
+---------+-------+----------+----------------------------------------------------------------------------------------------------------------------------------------------+
; clk_50m ; Input ; Warning  ; Declared by entity but not connected by instance. If a default value exists, it will be used.  Otherwise, the port will be connected to GND. ;
+---------+-------+----------+----------------------------------------------------------------------------------------------------------------------------------------------+


+-------------------------------+
; Analysis & Synthesis Messages ;
+-------------------------------+
Info: *******************************************************************
Info: Running Quartus II Analysis & Synthesis
    Info: Version 9.1 Build 350 03/24/2010 Service Pack 2 SJ Web Edition
    Info: Processing started: Thu Oct 08 14:58:00 2020
Info: Command: quartus_map --read_settings_files=on --write_settings_files=off gestion_anemometre -c gestion_anemometre
Info: Found 2 design units, including 1 entities, in source file /vhdl/tp_vhdl_g2_b5/be/state_machine/state_machine.vhd
    Info: Found design unit 1: state_machine-arch
    Info: Found entity 1: state_machine
Info: Found 2 design units, including 1 entities, in source file /vhdl/tp_vhdl_g2_b5/be/counter/counter.vhd
    Info: Found design unit 1: counter-bcd
    Info: Found entity 1: counter
Info: Found 2 design units, including 1 entities, in source file /vhdl/tp_vhdl_g2_b5/be/freq_divider/freq_divider.vhd
    Info: Found design unit 1: freq_divider-div_arch
    Info: Found entity 1: freq_divider
Info: Found 2 design units, including 1 entities, in source file gestion_anemometre.vhd
    Info: Found design unit 1: gestion_anemometre-arch
    Info: Found entity 1: gestion_anemometre
Info: Elaborating entity "gestion_anemometre" for the top level hierarchy
Info: Elaborating entity "freq_divider" for hierarchy "freq_divider:divider"
Warning (10492): VHDL Process Statement warning at freq_divider.vhd(32): signal "tmp" is read inside the Process Statement but isn't in the Process Statement's sensitivity list
Info: Elaborating entity "counter" for hierarchy "counter:counter0"
Warning (10492): VHDL Process Statement warning at counter.vhd(32): signal "in_freq_anemometre" is read inside the Process Statement but isn't in the Process Statement's sensitivity list
Info: Elaborating entity "state_machine" for hierarchy "state_machine:mae"
Warning: 1 hierarchies have connectivity warnings - see the Connectivity Checks report folder
Warning: Output pins are stuck at VCC or GND
    Warning (13410): Pin "data_valid" is stuck at GND
    Warning (13410): Pin "Data_anemometre[0]" is stuck at GND
    Warning (13410): Pin "Data_anemometre[1]" is stuck at GND
    Warning (13410): Pin "Data_anemometre[2]" is stuck at GND
    Warning (13410): Pin "Data_anemometre[3]" is stuck at GND
    Warning (13410): Pin "Data_anemometre[4]" is stuck at GND
    Warning (13410): Pin "Data_anemometre[5]" is stuck at GND
    Warning (13410): Pin "Data_anemometre[6]" is stuck at GND
    Warning (13410): Pin "Data_anemometre[7]" is stuck at GND
Info: 57 registers lost all their fanouts during netlist optimizations. The first 57 are displayed below.
    Info: Register "counter:counter0|temp1[7]" lost all its fanouts during netlist optimizations.
    Info: Register "counter:counter0|temp1[6]" lost all its fanouts during netlist optimizations.
    Info: Register "counter:counter0|temp1[5]" lost all its fanouts during netlist optimizations.
    Info: Register "counter:counter0|temp1[4]" lost all its fanouts during netlist optimizations.
    Info: Register "counter:counter0|temp1[3]" lost all its fanouts during netlist optimizations.
    Info: Register "counter:counter0|temp1[2]" lost all its fanouts during netlist optimizations.
    Info: Register "counter:counter0|temp1[1]" lost all its fanouts during netlist optimizations.
    Info: Register "counter:counter0|temp1[0]" lost all its fanouts during netlist optimizations.
    Info: Register "counter:counter0|temp[7]" lost all its fanouts during netlist optimizations.
    Info: Register "counter:counter0|temp[6]" lost all its fanouts during netlist optimizations.
    Info: Register "counter:counter0|temp[5]" lost all its fanouts during netlist optimizations.
    Info: Register "counter:counter0|temp[4]" lost all its fanouts during netlist optimizations.
    Info: Register "counter:counter0|temp[3]" lost all its fanouts during netlist optimizations.
    Info: Register "counter:counter0|temp[2]" lost all its fanouts during netlist optimizations.
    Info: Register "counter:counter0|temp[1]" lost all its fanouts during netlist optimizations.
    Info: Register "counter:counter0|temp[0]" lost all its fanouts during netlist optimizations.
    Info: Register "counter:counter0|temp2[7]" lost all its fanouts during netlist optimizations.
    Info: Register "counter:counter0|temp2[6]" lost all its fanouts during netlist optimizations.
    Info: Register "counter:counter0|temp2[5]" lost all its fanouts during netlist optimizations.
    Info: Register "counter:counter0|temp2[4]" lost all its fanouts during netlist optimizations.
    Info: Register "counter:counter0|temp2[3]" lost all its fanouts during netlist optimizations.
    Info: Register "counter:counter0|temp2[2]" lost all its fanouts during netlist optimizations.
    Info: Register "counter:counter0|temp2[1]" lost all its fanouts during netlist optimizations.
    Info: Register "counter:counter0|temp2[0]" lost all its fanouts during netlist optimizations.
    Info: Register "freq_divider:divider|tmp" lost all its fanouts during netlist optimizations.
    Info: Register "freq_divider:divider|count[31]" lost all its fanouts during netlist optimizations.
    Info: Register "freq_divider:divider|count[30]" lost all its fanouts during netlist optimizations.
    Info: Register "freq_divider:divider|count[29]" lost all its fanouts during netlist optimizations.
    Info: Register "freq_divider:divider|count[28]" lost all its fanouts during netlist optimizations.
    Info: Register "freq_divider:divider|count[27]" lost all its fanouts during netlist optimizations.
    Info: Register "freq_divider:divider|count[26]" lost all its fanouts during netlist optimizations.
    Info: Register "freq_divider:divider|count[25]" lost all its fanouts during netlist optimizations.
    Info: Register "freq_divider:divider|count[24]" lost all its fanouts during netlist optimizations.
    Info: Register "freq_divider:divider|count[23]" lost all its fanouts during netlist optimizations.
    Info: Register "freq_divider:divider|count[22]" lost all its fanouts during netlist optimizations.
    Info: Register "freq_divider:divider|count[21]" lost all its fanouts during netlist optimizations.
    Info: Register "freq_divider:divider|count[20]" lost all its fanouts during netlist optimizations.
    Info: Register "freq_divider:divider|count[19]" lost all its fanouts during netlist optimizations.
    Info: Register "freq_divider:divider|count[18]" lost all its fanouts during netlist optimizations.
    Info: Register "freq_divider:divider|count[17]" lost all its fanouts during netlist optimizations.
    Info: Register "freq_divider:divider|count[16]" lost all its fanouts during netlist optimizations.
    Info: Register "freq_divider:divider|count[15]" lost all its fanouts during netlist optimizations.
    Info: Register "freq_divider:divider|count[14]" lost all its fanouts during netlist optimizations.
    Info: Register "freq_divider:divider|count[13]" lost all its fanouts during netlist optimizations.
    Info: Register "freq_divider:divider|count[12]" lost all its fanouts during netlist optimizations.
    Info: Register "freq_divider:divider|count[11]" lost all its fanouts during netlist optimizations.
    Info: Register "freq_divider:divider|count[10]" lost all its fanouts during netlist optimizations.
    Info: Register "freq_divider:divider|count[9]" lost all its fanouts during netlist optimizations.
    Info: Register "freq_divider:divider|count[8]" lost all its fanouts during netlist optimizations.
    Info: Register "freq_divider:divider|count[7]" lost all its fanouts during netlist optimizations.
    Info: Register "freq_divider:divider|count[6]" lost all its fanouts during netlist optimizations.
    Info: Register "freq_divider:divider|count[5]" lost all its fanouts during netlist optimizations.
    Info: Register "freq_divider:divider|count[4]" lost all its fanouts during netlist optimizations.
    Info: Register "freq_divider:divider|count[3]" lost all its fanouts during netlist optimizations.
    Info: Register "freq_divider:divider|count[2]" lost all its fanouts during netlist optimizations.
    Info: Register "freq_divider:divider|count[1]" lost all its fanouts during netlist optimizations.
    Info: Register "freq_divider:divider|count[0]" lost all its fanouts during netlist optimizations.
Warning: Design contains 5 input pin(s) that do not drive logic
    Warning (15610): No output dependent on input pin "Clk_50M"
    Warning (15610): No output dependent on input pin "in_freq_anemometre"
    Warning (15610): No output dependent on input pin "continu"
    Warning (15610): No output dependent on input pin "start_stop"
    Warning (15610): No output dependent on input pin "raz_n"
Info: Implemented 14 device resources after synthesis - the final resource count might be different
    Info: Implemented 5 input pins
    Info: Implemented 9 output pins
Info: Quartus II Analysis & Synthesis was successful. 0 errors, 19 warnings
    Info: Peak virtual memory: 248 megabytes
    Info: Processing ended: Thu Oct 08 14:58:01 2020
    Info: Elapsed time: 00:00:01
    Info: Total CPU time (on all processors): 00:00:01


